RUNTIME ERROR: numeric value outside safe integer range for bitwise operation.
	error.integer_conversion.jsonnet:3:1-16	
